// Jest Snapshot v1, https://goo.gl/fbAQLP

exports[`CampaignDescriptionField renders 1`] = `
<textarea
  className="form-control "
  onChange={[Function]}
  placeholder="Description (purpose of campaign, instructions for reviewers, links to relevant internal documentation, etc.)"
  rows={8}
  value="a"
/>
`;
